[0.350s] Invoking command in '/home/juu/Documents/paxinitac/src/tactile_raw_point_publisher': CONDA_PROMPT_MODIFIER=(paxinitac) PYTHONPATH=/home/juu/Documents/paxinitac/build/tactile_raw_point_publisher/prefix_override:/home/juu/miniconda3/envs/paxinitac/lib/python3.10/site-packages/colcon_core/task/python/colcon_distutils_commands:/home/juu/Documents/paxinitac/install/tactile_raw_point_publisher/lib/python3.10/site-packages:${PYTHONPATH} /home/juu/miniconda3/envs/paxinitac/bin/python -W ignore:setup.py install is deprecated -W ignore:easy_install command is deprecated setup.py egg_info --egg-base ../../build/tactile_raw_point_publisher build --build-base /home/juu/Documents/paxinitac/build/tactile_raw_point_publisher/build install --record /home/juu/Documents/paxinitac/build/tactile_raw_point_publisher/install.log --single-version-externally-managed install_data
[0.444s] running egg_info
[0.448s] creating ../../build/tactile_raw_point_publisher/tactile_raw_point_publisher.egg-info
[0.448s] writing ../../build/tactile_raw_point_publisher/tactile_raw_point_publisher.egg-info/PKG-INFO
[0.449s] writing dependency_links to ../../build/tactile_raw_point_publisher/tactile_raw_point_publisher.egg-info/dependency_links.txt
[0.449s] writing entry points to ../../build/tactile_raw_point_publisher/tactile_raw_point_publisher.egg-info/entry_points.txt
[0.449s] writing requirements to ../../build/tactile_raw_point_publisher/tactile_raw_point_publisher.egg-info/requires.txt
[0.449s] writing top-level names to ../../build/tactile_raw_point_publisher/tactile_raw_point_publisher.egg-info/top_level.txt
[0.449s] writing manifest file '../../build/tactile_raw_point_publisher/tactile_raw_point_publisher.egg-info/SOURCES.txt'
[0.459s] reading manifest file '../../build/tactile_raw_point_publisher/tactile_raw_point_publisher.egg-info/SOURCES.txt'
[0.459s] writing manifest file '../../build/tactile_raw_point_publisher/tactile_raw_point_publisher.egg-info/SOURCES.txt'
[0.459s] running build
[0.459s] running build_py
[0.459s] creating /home/juu/Documents/paxinitac/build/tactile_raw_point_publisher/build/lib/tactile_raw_point_publisher
[0.460s] copying tactile_raw_point_publisher/force_marker_node.py -> /home/juu/Documents/paxinitac/build/tactile_raw_point_publisher/build/lib/tactile_raw_point_publisher
[0.460s] copying tactile_raw_point_publisher/__init__.py -> /home/juu/Documents/paxinitac/build/tactile_raw_point_publisher/build/lib/tactile_raw_point_publisher
[0.460s] copying tactile_raw_point_publisher/node.py -> /home/juu/Documents/paxinitac/build/tactile_raw_point_publisher/build/lib/tactile_raw_point_publisher
[0.460s] running install
[0.461s] running install_lib
[0.466s] creating /home/juu/Documents/paxinitac/install/tactile_raw_point_publisher/lib/python3.10/site-packages/tactile_raw_point_publisher
[0.466s] copying /home/juu/Documents/paxinitac/build/tactile_raw_point_publisher/build/lib/tactile_raw_point_publisher/force_marker_node.py -> /home/juu/Documents/paxinitac/install/tactile_raw_point_publisher/lib/python3.10/site-packages/tactile_raw_point_publisher
[0.466s] copying /home/juu/Documents/paxinitac/build/tactile_raw_point_publisher/build/lib/tactile_raw_point_publisher/__init__.py -> /home/juu/Documents/paxinitac/install/tactile_raw_point_publisher/lib/python3.10/site-packages/tactile_raw_point_publisher
[0.466s] copying /home/juu/Documents/paxinitac/build/tactile_raw_point_publisher/build/lib/tactile_raw_point_publisher/node.py -> /home/juu/Documents/paxinitac/install/tactile_raw_point_publisher/lib/python3.10/site-packages/tactile_raw_point_publisher
[0.466s] byte-compiling /home/juu/Documents/paxinitac/install/tactile_raw_point_publisher/lib/python3.10/site-packages/tactile_raw_point_publisher/force_marker_node.py to force_marker_node.cpython-310.pyc
[0.467s] byte-compiling /home/juu/Documents/paxinitac/install/tactile_raw_point_publisher/lib/python3.10/site-packages/tactile_raw_point_publisher/__init__.py to __init__.cpython-310.pyc
[0.467s] byte-compiling /home/juu/Documents/paxinitac/install/tactile_raw_point_publisher/lib/python3.10/site-packages/tactile_raw_point_publisher/node.py to node.cpython-310.pyc
[0.468s] running install_data
[0.468s] creating /home/juu/Documents/paxinitac/install/tactile_raw_point_publisher/share/ament_index/resource_index/packages
[0.468s] copying resource/tactile_raw_point_publisher -> /home/juu/Documents/paxinitac/install/tactile_raw_point_publisher/share/ament_index/resource_index/packages
[0.468s] copying package.xml -> /home/juu/Documents/paxinitac/install/tactile_raw_point_publisher/share/tactile_raw_point_publisher
[0.468s] creating /home/juu/Documents/paxinitac/install/tactile_raw_point_publisher/share/tactile_raw_point_publisher/launch
[0.468s] copying launch/tactile_raw_point_publisher.launch.py -> /home/juu/Documents/paxinitac/install/tactile_raw_point_publisher/share/tactile_raw_point_publisher/launch
[0.468s] creating /home/juu/Documents/paxinitac/install/tactile_raw_point_publisher/share/tactile_raw_point_publisher/data
[0.468s] copying ../../PX6AX-GEN3-DP-S2716-Core.csv -> /home/juu/Documents/paxinitac/install/tactile_raw_point_publisher/share/tactile_raw_point_publisher/data
[0.468s] running install_egg_info
[0.473s] Copying ../../build/tactile_raw_point_publisher/tactile_raw_point_publisher.egg-info to /home/juu/Documents/paxinitac/install/tactile_raw_point_publisher/lib/python3.10/site-packages/tactile_raw_point_publisher-0.1.0-py3.10.egg-info
[0.474s] running install_scripts
[0.509s] Installing tactile_force_marker_array script to /home/juu/Documents/paxinitac/install/tactile_raw_point_publisher/lib/tactile_raw_point_publisher
[0.509s] Installing tactile_raw_point_publisher script to /home/juu/Documents/paxinitac/install/tactile_raw_point_publisher/lib/tactile_raw_point_publisher
[0.509s] writing list of installed files to '/home/juu/Documents/paxinitac/build/tactile_raw_point_publisher/install.log'
[0.521s] Invoked command in '/home/juu/Documents/paxinitac/src/tactile_raw_point_publisher' returned '0': CONDA_PROMPT_MODIFIER=(paxinitac) PYTHONPATH=/home/juu/Documents/paxinitac/build/tactile_raw_point_publisher/prefix_override:/home/juu/miniconda3/envs/paxinitac/lib/python3.10/site-packages/colcon_core/task/python/colcon_distutils_commands:/home/juu/Documents/paxinitac/install/tactile_raw_point_publisher/lib/python3.10/site-packages:${PYTHONPATH} /home/juu/miniconda3/envs/paxinitac/bin/python -W ignore:setup.py install is deprecated -W ignore:easy_install command is deprecated setup.py egg_info --egg-base ../../build/tactile_raw_point_publisher build --build-base /home/juu/Documents/paxinitac/build/tactile_raw_point_publisher/build install --record /home/juu/Documents/paxinitac/build/tactile_raw_point_publisher/install.log --single-version-externally-managed install_data
