[0.344s] Invoking command in '/home/juu/Documents/paxinitac/src/tactile_raw_point_publisher': CONDA_PROMPT_MODIFIER=(paxinitac) PYTHONPATH=/home/juu/Documents/paxinitac/build/tactile_raw_point_publisher/prefix_override:/home/juu/miniconda3/envs/paxinitac/lib/python3.10/site-packages/colcon_core/task/python/colcon_distutils_commands:/home/juu/Documents/paxinitac/install/tactile_raw_point_publisher/lib/python3.10/site-packages:${PYTHONPATH} /home/juu/miniconda3/envs/paxinitac/bin/python -W ignore:setup.py install is deprecated -W ignore:easy_install command is deprecated setup.py egg_info --egg-base ../../build/tactile_raw_point_publisher build --build-base /home/juu/Documents/paxinitac/build/tactile_raw_point_publisher/build install --record /home/juu/Documents/paxinitac/build/tactile_raw_point_publisher/install.log --single-version-externally-managed install_data
[0.439s] running egg_info
[0.443s] writing ../../build/tactile_raw_point_publisher/tactile_raw_point_publisher.egg-info/PKG-INFO
[0.444s] writing dependency_links to ../../build/tactile_raw_point_publisher/tactile_raw_point_publisher.egg-info/dependency_links.txt
[0.444s] writing entry points to ../../build/tactile_raw_point_publisher/tactile_raw_point_publisher.egg-info/entry_points.txt
[0.444s] writing requirements to ../../build/tactile_raw_point_publisher/tactile_raw_point_publisher.egg-info/requires.txt
[0.444s] writing top-level names to ../../build/tactile_raw_point_publisher/tactile_raw_point_publisher.egg-info/top_level.txt
[0.453s] reading manifest file '../../build/tactile_raw_point_publisher/tactile_raw_point_publisher.egg-info/SOURCES.txt'
[0.485s] writing manifest file '../../build/tactile_raw_point_publisher/tactile_raw_point_publisher.egg-info/SOURCES.txt'
[0.485s] running build
[0.485s] running build_py
[0.485s] copying tactile_raw_point_publisher/force_marker_node.py -> /home/juu/Documents/paxinitac/build/tactile_raw_point_publisher/build/lib/tactile_raw_point_publisher
[0.485s] copying tactile_raw_point_publisher/__init__.py -> /home/juu/Documents/paxinitac/build/tactile_raw_point_publisher/build/lib/tactile_raw_point_publisher
[0.485s] copying tactile_raw_point_publisher/node.py -> /home/juu/Documents/paxinitac/build/tactile_raw_point_publisher/build/lib/tactile_raw_point_publisher
[0.485s] running install
[0.487s] running install_lib
[0.492s] running install_data
[0.492s] copying resource/tactile_raw_point_publisher -> /home/juu/Documents/paxinitac/install/tactile_raw_point_publisher/share/ament_index/resource_index/packages
[0.492s] copying package.xml -> /home/juu/Documents/paxinitac/install/tactile_raw_point_publisher/share/tactile_raw_point_publisher
[0.492s] copying launch/tactile_raw_point_publisher.launch.py -> /home/juu/Documents/paxinitac/install/tactile_raw_point_publisher/share/tactile_raw_point_publisher/launch
[0.492s] copying ../../PX6AX-GEN3-DP-S2716-Core.csv -> /home/juu/Documents/paxinitac/install/tactile_raw_point_publisher/share/tactile_raw_point_publisher/data
[0.492s] running install_egg_info
[0.498s] removing '/home/juu/Documents/paxinitac/install/tactile_raw_point_publisher/lib/python3.10/site-packages/tactile_raw_point_publisher-0.1.0-py3.10.egg-info' (and everything under it)
[0.498s] Copying ../../build/tactile_raw_point_publisher/tactile_raw_point_publisher.egg-info to /home/juu/Documents/paxinitac/install/tactile_raw_point_publisher/lib/python3.10/site-packages/tactile_raw_point_publisher-0.1.0-py3.10.egg-info
[0.499s] running install_scripts
[0.535s] Installing tactile_force_marker_array script to /home/juu/Documents/paxinitac/install/tactile_raw_point_publisher/lib/tactile_raw_point_publisher
[0.535s] Installing tactile_raw_point_publisher script to /home/juu/Documents/paxinitac/install/tactile_raw_point_publisher/lib/tactile_raw_point_publisher
[0.535s] writing list of installed files to '/home/juu/Documents/paxinitac/build/tactile_raw_point_publisher/install.log'
[0.546s] Invoked command in '/home/juu/Documents/paxinitac/src/tactile_raw_point_publisher' returned '0': CONDA_PROMPT_MODIFIER=(paxinitac) PYTHONPATH=/home/juu/Documents/paxinitac/build/tactile_raw_point_publisher/prefix_override:/home/juu/miniconda3/envs/paxinitac/lib/python3.10/site-packages/colcon_core/task/python/colcon_distutils_commands:/home/juu/Documents/paxinitac/install/tactile_raw_point_publisher/lib/python3.10/site-packages:${PYTHONPATH} /home/juu/miniconda3/envs/paxinitac/bin/python -W ignore:setup.py install is deprecated -W ignore:easy_install command is deprecated setup.py egg_info --egg-base ../../build/tactile_raw_point_publisher build --build-base /home/juu/Documents/paxinitac/build/tactile_raw_point_publisher/build install --record /home/juu/Documents/paxinitac/build/tactile_raw_point_publisher/install.log --single-version-externally-managed install_data
