/home/juu/Documents/paxinitac/install/tactile_raw_point_publisher/lib/python3.10/site-packages/tactile_raw_point_publisher/force_marker_node.py
/home/juu/Documents/paxinitac/install/tactile_raw_point_publisher/lib/python3.10/site-packages/tactile_raw_point_publisher/__init__.py
/home/juu/Documents/paxinitac/install/tactile_raw_point_publisher/lib/python3.10/site-packages/tactile_raw_point_publisher/node.py
/home/juu/Documents/paxinitac/install/tactile_raw_point_publisher/lib/python3.10/site-packages/tactile_raw_point_publisher/__pycache__/force_marker_node.cpython-310.pyc
/home/juu/Documents/paxinitac/install/tactile_raw_point_publisher/lib/python3.10/site-packages/tactile_raw_point_publisher/__pycache__/__init__.cpython-310.pyc
/home/juu/Documents/paxinitac/install/tactile_raw_point_publisher/lib/python3.10/site-packages/tactile_raw_point_publisher/__pycache__/node.cpython-310.pyc
/home/juu/Documents/paxinitac/install/tactile_raw_point_publisher/share/ament_index/resource_index/packages/tactile_raw_point_publisher
/home/juu/Documents/paxinitac/install/tactile_raw_point_publisher/share/tactile_raw_point_publisher/package.xml
/home/juu/Documents/paxinitac/install/tactile_raw_point_publisher/share/tactile_raw_point_publisher/launch/tactile_raw_point_publisher.launch.py
/home/juu/Documents/paxinitac/install/tactile_raw_point_publisher/share/tactile_raw_point_publisher/urdf/Sensor_holer_URDF.urdf
/home/juu/Documents/paxinitac/install/tactile_raw_point_publisher/share/tactile_raw_point_publisher/meshes/sensor_3_link.STL
/home/juu/Documents/paxinitac/install/tactile_raw_point_publisher/share/tactile_raw_point_publisher/meshes/sensor_1_link.STL
/home/juu/Documents/paxinitac/install/tactile_raw_point_publisher/share/tactile_raw_point_publisher/meshes/sensor_base.STL
/home/juu/Documents/paxinitac/install/tactile_raw_point_publisher/share/tactile_raw_point_publisher/data/PX6AX-GEN3-DP-S2716-Core.csv
/home/juu/Documents/paxinitac/install/tactile_raw_point_publisher/lib/python3.10/site-packages/tactile_raw_point_publisher-0.1.0-py3.10.egg-info/requires.txt
/home/juu/Documents/paxinitac/install/tactile_raw_point_publisher/lib/python3.10/site-packages/tactile_raw_point_publisher-0.1.0-py3.10.egg-info/top_level.txt
/home/juu/Documents/paxinitac/install/tactile_raw_point_publisher/lib/python3.10/site-packages/tactile_raw_point_publisher-0.1.0-py3.10.egg-info/SOURCES.txt
/home/juu/Documents/paxinitac/install/tactile_raw_point_publisher/lib/python3.10/site-packages/tactile_raw_point_publisher-0.1.0-py3.10.egg-info/PKG-INFO
/home/juu/Documents/paxinitac/install/tactile_raw_point_publisher/lib/python3.10/site-packages/tactile_raw_point_publisher-0.1.0-py3.10.egg-info/zip-safe
/home/juu/Documents/paxinitac/install/tactile_raw_point_publisher/lib/python3.10/site-packages/tactile_raw_point_publisher-0.1.0-py3.10.egg-info/dependency_links.txt
/home/juu/Documents/paxinitac/install/tactile_raw_point_publisher/lib/python3.10/site-packages/tactile_raw_point_publisher-0.1.0-py3.10.egg-info/entry_points.txt
/home/juu/Documents/paxinitac/install/tactile_raw_point_publisher/lib/tactile_raw_point_publisher/tactile_force_marker_array
/home/juu/Documents/paxinitac/install/tactile_raw_point_publisher/lib/tactile_raw_point_publisher/tactile_raw_point_publisher
