[0.055s] DEBUG:colcon:Command line arguments: ['/home/juu/miniconda3/envs/paxinitac/lib/python3.10/site-packages/colcon/__main__.py', 'build']
[0.055s] DEBUG:colcon:Parsed command line arguments: Namespace(log_base=None, log_level=None, verb_name='build', build_base='build', install_base='install', merge_install=False, symlink_install=False, test_result_base=None, continue_on_error=False, executor='parallel', parallel_workers=32, event_handlers=None, ignore_user_meta=False, metas=['./colcon.meta'], base_paths=['.'], packages_ignore=None, packages_ignore_regex=None, paths=None, packages_up_to=None, packages_up_to_regex=None, packages_above=None, packages_above_and_dependencies=None, packages_above_depth=None, packages_select_by_dep=None, packages_skip_by_dep=None, packages_skip_up_to=None, packages_select_build_failed=False, packages_skip_build_finished=False, packages_select_test_failures=False, packages_skip_test_passed=False, packages_select=None, packages_skip=None, packages_select_regex=None, packages_skip_regex=None, packages_start=None, packages_end=None, cmake_args=None, cmake_target=None, cmake_target_skip_unavailable=False, cmake_clean_cache=False, cmake_clean_first=False, cmake_force_configure=False, ament_cmake_args=None, catkin_cmake_args=None, catkin_skip_building_tests=False, verb_parser=<colcon_defaults.argument_parser.defaults.DefaultArgumentsDecorator object at 0x6ffd38e43df0>, verb_extension=<colcon_core.verb.build.BuildVerb object at 0x6ffd38e43850>, main=<bound method BuildVerb.main of <colcon_core.verb.build.BuildVerb object at 0x6ffd38e43850>>)
[0.071s] Level 1:colcon.colcon_core.package_discovery:discover_packages(colcon_meta) check parameters
[0.071s] Level 1:colcon.colcon_core.package_discovery:discover_packages(recursive) check parameters
[0.071s] Level 1:colcon.colcon_core.package_discovery:discover_packages(ignore) check parameters
[0.071s] Level 1:colcon.colcon_core.package_discovery:discover_packages(path) check parameters
[0.071s] Level 1:colcon.colcon_core.package_discovery:discover_packages(colcon_meta) discover
[0.071s] Level 1:colcon.colcon_core.package_discovery:discover_packages(recursive) discover
[0.071s] INFO:colcon.colcon_core.package_discovery:Crawling recursively for packages in '/home/juu/Documents/paxinitac'
[0.072s] Level 1:colcon.colcon_core.package_identification:_identify(.) by extensions ['ignore', 'ignore_ament_install']
[0.072s] Level 1:colcon.colcon_core.package_identification:_identify(.) by extension 'ignore'
[0.072s] Level 1:colcon.colcon_core.package_identification:_identify(.) by extension 'ignore_ament_install'
[0.072s] Level 1:colcon.colcon_core.package_identification:_identify(.) by extensions ['colcon_pkg']
[0.072s] Level 1:colcon.colcon_core.package_identification:_identify(.) by extension 'colcon_pkg'
[0.072s] Level 1:colcon.colcon_core.package_identification:_identify(.) by extensions ['colcon_meta']
[0.072s] Level 1:colcon.colcon_core.package_identification:_identify(.) by extension 'colcon_meta'
[0.072s] Level 1:colcon.colcon_core.package_identification:_identify(.) by extensions ['ros']
[0.072s] Level 1:colcon.colcon_core.package_identification:_identify(.) by extension 'ros'
[0.083s] Level 1:colcon.colcon_core.package_identification:_identify(.) by extensions ['cmake', 'python']
[0.083s] Level 1:colcon.colcon_core.package_identification:_identify(.) by extension 'cmake'
[0.083s] Level 1:colcon.colcon_core.package_identification:_identify(.) by extension 'python'
[0.083s] Level 1:colcon.colcon_core.package_identification:_identify(.) by extensions ['python_setup_py']
[0.083s] Level 1:colcon.colcon_core.package_identification:_identify(.) by extension 'python_setup_py'
[0.083s] Level 1:colcon.colcon_core.package_identification:_identify(PaxiniTac) by extensions ['ignore', 'ignore_ament_install']
[0.083s] Level 1:colcon.colcon_core.package_identification:_identify(PaxiniTac) by extension 'ignore'
[0.083s] Level 1:colcon.colcon_core.package_identification:_identify(PaxiniTac) by extension 'ignore_ament_install'
[0.083s] Level 1:colcon.colcon_core.package_identification:_identify(PaxiniTac) by extensions ['colcon_pkg']
[0.083s] Level 1:colcon.colcon_core.package_identification:_identify(PaxiniTac) by extension 'colcon_pkg'
[0.083s] Level 1:colcon.colcon_core.package_identification:_identify(PaxiniTac) by extensions ['colcon_meta']
[0.083s] Level 1:colcon.colcon_core.package_identification:_identify(PaxiniTac) by extension 'colcon_meta'
[0.083s] Level 1:colcon.colcon_core.package_identification:_identify(PaxiniTac) by extensions ['ros']
[0.083s] Level 1:colcon.colcon_core.package_identification:_identify(PaxiniTac) by extension 'ros'
[0.083s] Level 1:colcon.colcon_core.package_identification:_identify(PaxiniTac) by extensions ['cmake', 'python']
[0.083s] Level 1:colcon.colcon_core.package_identification:_identify(PaxiniTac) by extension 'cmake'
[0.084s] Level 1:colcon.colcon_core.package_identification:_identify(PaxiniTac) by extension 'python'
[0.084s] Level 1:colcon.colcon_core.package_identification:_identify(PaxiniTac) by extensions ['python_setup_py']
[0.084s] Level 1:colcon.colcon_core.package_identification:_identify(PaxiniTac) by extension 'python_setup_py'
[0.162s] DEBUG:colcon.colcon_core.package_identification:Package 'PaxiniTac' with type 'python' and name 'Paxini_Tac'
[0.162s] Level 1:colcon.colcon_core.package_identification:_identify(build) by extensions ['ignore', 'ignore_ament_install']
[0.162s] Level 1:colcon.colcon_core.package_identification:_identify(build) by extension 'ignore'
[0.162s] Level 1:colcon.colcon_core.package_identification:_identify(build) ignored
[0.162s] Level 1:colcon.colcon_core.package_identification:_identify(install) by extensions ['ignore', 'ignore_ament_install']
[0.162s] Level 1:colcon.colcon_core.package_identification:_identify(install) by extension 'ignore'
[0.162s] Level 1:colcon.colcon_core.package_identification:_identify(install) ignored
[0.162s] Level 1:colcon.colcon_core.package_identification:_identify(log) by extensions ['ignore', 'ignore_ament_install']
[0.162s] Level 1:colcon.colcon_core.package_identification:_identify(log) by extension 'ignore'
[0.162s] Level 1:colcon.colcon_core.package_identification:_identify(log) ignored
[0.162s] Level 1:colcon.colcon_core.package_identification:_identify(src) by extensions ['ignore', 'ignore_ament_install']
[0.162s] Level 1:colcon.colcon_core.package_identification:_identify(src) by extension 'ignore'
[0.162s] Level 1:colcon.colcon_core.package_identification:_identify(src) by extension 'ignore_ament_install'
[0.162s] Level 1:colcon.colcon_core.package_identification:_identify(src) by extensions ['colcon_pkg']
[0.162s] Level 1:colcon.colcon_core.package_identification:_identify(src) by extension 'colcon_pkg'
[0.162s] Level 1:colcon.colcon_core.package_identification:_identify(src) by extensions ['colcon_meta']
[0.162s] Level 1:colcon.colcon_core.package_identification:_identify(src) by extension 'colcon_meta'
[0.162s] Level 1:colcon.colcon_core.package_identification:_identify(src) by extensions ['ros']
[0.162s] Level 1:colcon.colcon_core.package_identification:_identify(src) by extension 'ros'
[0.162s] Level 1:colcon.colcon_core.package_identification:_identify(src) by extensions ['cmake', 'python']
[0.162s] Level 1:colcon.colcon_core.package_identification:_identify(src) by extension 'cmake'
[0.162s] Level 1:colcon.colcon_core.package_identification:_identify(src) by extension 'python'
[0.162s] Level 1:colcon.colcon_core.package_identification:_identify(src) by extensions ['python_setup_py']
[0.162s] Level 1:colcon.colcon_core.package_identification:_identify(src) by extension 'python_setup_py'
[0.162s] Level 1:colcon.colcon_core.package_identification:_identify(src/tactile_raw_point_publisher) by extensions ['ignore', 'ignore_ament_install']
[0.162s] Level 1:colcon.colcon_core.package_identification:_identify(src/tactile_raw_point_publisher) by extension 'ignore'
[0.162s] Level 1:colcon.colcon_core.package_identification:_identify(src/tactile_raw_point_publisher) by extension 'ignore_ament_install'
[0.162s] Level 1:colcon.colcon_core.package_identification:_identify(src/tactile_raw_point_publisher) by extensions ['colcon_pkg']
[0.162s] Level 1:colcon.colcon_core.package_identification:_identify(src/tactile_raw_point_publisher) by extension 'colcon_pkg'
[0.162s] Level 1:colcon.colcon_core.package_identification:_identify(src/tactile_raw_point_publisher) by extensions ['colcon_meta']
[0.162s] Level 1:colcon.colcon_core.package_identification:_identify(src/tactile_raw_point_publisher) by extension 'colcon_meta'
[0.162s] Level 1:colcon.colcon_core.package_identification:_identify(src/tactile_raw_point_publisher) by extensions ['ros']
[0.162s] Level 1:colcon.colcon_core.package_identification:_identify(src/tactile_raw_point_publisher) by extension 'ros'
[0.164s] DEBUG:colcon.colcon_core.package_identification:Package 'src/tactile_raw_point_publisher' with type 'ros.ament_python' and name 'tactile_raw_point_publisher'
[0.164s] Level 1:colcon.colcon_core.package_discovery:discover_packages(recursive) using defaults
[0.164s] Level 1:colcon.colcon_core.package_discovery:discover_packages(ignore) discover
[0.164s] Level 1:colcon.colcon_core.package_discovery:discover_packages(ignore) using defaults
[0.164s] Level 1:colcon.colcon_core.package_discovery:discover_packages(path) discover
[0.164s] Level 1:colcon.colcon_core.package_discovery:discover_packages(path) using defaults
[0.173s] Level 5:colcon.colcon_core.verb:set package 'Paxini_Tac' build argument 'cmake_args' from command line to 'None'
[0.173s] Level 5:colcon.colcon_core.verb:set package 'Paxini_Tac' build argument 'cmake_target' from command line to 'None'
[0.173s] Level 5:colcon.colcon_core.verb:set package 'Paxini_Tac' build argument 'cmake_target_skip_unavailable' from command line to 'False'
[0.173s] Level 5:colcon.colcon_core.verb:set package 'Paxini_Tac' build argument 'cmake_clean_cache' from command line to 'False'
[0.173s] Level 5:colcon.colcon_core.verb:set package 'Paxini_Tac' build argument 'cmake_clean_first' from command line to 'False'
[0.173s] Level 5:colcon.colcon_core.verb:set package 'Paxini_Tac' build argument 'cmake_force_configure' from command line to 'False'
[0.173s] Level 5:colcon.colcon_core.verb:set package 'Paxini_Tac' build argument 'ament_cmake_args' from command line to 'None'
[0.173s] Level 5:colcon.colcon_core.verb:set package 'Paxini_Tac' build argument 'catkin_cmake_args' from command line to 'None'
[0.173s] Level 5:colcon.colcon_core.verb:set package 'Paxini_Tac' build argument 'catkin_skip_building_tests' from command line to 'False'
[0.173s] DEBUG:colcon.colcon_core.verb:Building package 'Paxini_Tac' with the following arguments: {'ament_cmake_args': None, 'build_base': '/home/juu/Documents/paxinitac/build/Paxini_Tac', 'catkin_cmake_args': None, 'catkin_skip_building_tests': False, 'cmake_args': None, 'cmake_clean_cache': False, 'cmake_clean_first': False, 'cmake_force_configure': False, 'cmake_target': None, 'cmake_target_skip_unavailable': False, 'install_base': '/home/juu/Documents/paxinitac/install/Paxini_Tac', 'merge_install': False, 'path': '/home/juu/Documents/paxinitac/PaxiniTac', 'symlink_install': False, 'test_result_base': None}
[0.173s] Level 5:colcon.colcon_core.verb:set package 'tactile_raw_point_publisher' build argument 'cmake_args' from command line to 'None'
[0.173s] Level 5:colcon.colcon_core.verb:set package 'tactile_raw_point_publisher' build argument 'cmake_target' from command line to 'None'
[0.173s] Level 5:colcon.colcon_core.verb:set package 'tactile_raw_point_publisher' build argument 'cmake_target_skip_unavailable' from command line to 'False'
[0.173s] Level 5:colcon.colcon_core.verb:set package 'tactile_raw_point_publisher' build argument 'cmake_clean_cache' from command line to 'False'
[0.173s] Level 5:colcon.colcon_core.verb:set package 'tactile_raw_point_publisher' build argument 'cmake_clean_first' from command line to 'False'
[0.173s] Level 5:colcon.colcon_core.verb:set package 'tactile_raw_point_publisher' build argument 'cmake_force_configure' from command line to 'False'
[0.173s] Level 5:colcon.colcon_core.verb:set package 'tactile_raw_point_publisher' build argument 'ament_cmake_args' from command line to 'None'
[0.173s] Level 5:colcon.colcon_core.verb:set package 'tactile_raw_point_publisher' build argument 'catkin_cmake_args' from command line to 'None'
[0.173s] Level 5:colcon.colcon_core.verb:set package 'tactile_raw_point_publisher' build argument 'catkin_skip_building_tests' from command line to 'False'
[0.173s] DEBUG:colcon.colcon_core.verb:Building package 'tactile_raw_point_publisher' with the following arguments: {'ament_cmake_args': None, 'build_base': '/home/juu/Documents/paxinitac/build/tactile_raw_point_publisher', 'catkin_cmake_args': None, 'catkin_skip_building_tests': False, 'cmake_args': None, 'cmake_clean_cache': False, 'cmake_clean_first': False, 'cmake_force_configure': False, 'cmake_target': None, 'cmake_target_skip_unavailable': False, 'install_base': '/home/juu/Documents/paxinitac/install/tactile_raw_point_publisher', 'merge_install': False, 'path': '/home/juu/Documents/paxinitac/src/tactile_raw_point_publisher', 'symlink_install': False, 'test_result_base': None}
[0.174s] INFO:colcon.colcon_core.executor:Executing jobs using 'parallel' executor
[0.174s] DEBUG:colcon.colcon_parallel_executor.executor.parallel:run_until_complete
[0.174s] INFO:colcon.colcon_core.task.python.build:Building Python package in '/home/juu/Documents/paxinitac/PaxiniTac'
[0.175s] INFO:colcon.colcon_core.plugin_system:Skipping extension 'colcon_core.shell.bat': Not used on non-Windows systems
[0.175s] INFO:colcon.colcon_core.shell:Skip shell extension 'powershell' for command environment: Not usable outside of PowerShell
[0.175s] DEBUG:colcon.colcon_core.shell:Skip shell extension 'dsv' for command environment
[0.179s] INFO:colcon.colcon_ros.task.ament_python.build:Building ROS package in '/home/juu/Documents/paxinitac/src/tactile_raw_point_publisher' with build type 'ament_python'
[0.179s] Level 1:colcon.colcon_core.shell:create_environment_hook('tactile_raw_point_publisher', 'ament_prefix_path')
[0.179s] INFO:colcon.colcon_core.shell:Creating environment hook '/home/juu/Documents/paxinitac/install/tactile_raw_point_publisher/share/tactile_raw_point_publisher/hook/ament_prefix_path.ps1'
[0.180s] INFO:colcon.colcon_core.shell:Creating environment descriptor '/home/juu/Documents/paxinitac/install/tactile_raw_point_publisher/share/tactile_raw_point_publisher/hook/ament_prefix_path.dsv'
[0.180s] INFO:colcon.colcon_core.shell:Creating environment hook '/home/juu/Documents/paxinitac/install/tactile_raw_point_publisher/share/tactile_raw_point_publisher/hook/ament_prefix_path.sh'
[0.180s] INFO:colcon.colcon_core.shell:Skip shell extension 'powershell' for command environment: Not usable outside of PowerShell
[0.180s] DEBUG:colcon.colcon_core.shell:Skip shell extension 'dsv' for command environment
[0.348s] INFO:colcon.colcon_core.task.python.build:Building Python package in '/home/juu/Documents/paxinitac/src/tactile_raw_point_publisher'
[0.348s] INFO:colcon.colcon_core.shell:Skip shell extension 'powershell' for command environment: Not usable outside of PowerShell
[0.348s] DEBUG:colcon.colcon_core.shell:Skip shell extension 'dsv' for command environment
[0.423s] DEBUG:colcon.colcon_core.event_handler.log_command:Invoking command in '/home/juu/Documents/paxinitac/PaxiniTac': CONDA_PROMPT_MODIFIER=(paxinitac) PYTHONPATH=/home/juu/Documents/paxinitac/build/Paxini_Tac/prefix_override:/home/juu/miniconda3/envs/paxinitac/lib/python3.10/site-packages/colcon_core/task/python/colcon_distutils_commands:/home/juu/Documents/paxinitac/install/Paxini_Tac/lib/python3.10/site-packages:${PYTHONPATH} /home/juu/miniconda3/envs/paxinitac/bin/python -W ignore:setup.py install is deprecated -W ignore:easy_install command is deprecated setup.py egg_info --egg-base ../build/Paxini_Tac build --build-base /home/juu/Documents/paxinitac/build/Paxini_Tac/build install --record /home/juu/Documents/paxinitac/build/Paxini_Tac/install.log --single-version-externally-managed
[0.516s] DEBUG:colcon.colcon_core.event_handler.log_command:Invoking command in '/home/juu/Documents/paxinitac/src/tactile_raw_point_publisher': CONDA_PROMPT_MODIFIER=(paxinitac) PYTHONPATH=/home/juu/Documents/paxinitac/build/tactile_raw_point_publisher/prefix_override:/home/juu/miniconda3/envs/paxinitac/lib/python3.10/site-packages/colcon_core/task/python/colcon_distutils_commands:/home/juu/Documents/paxinitac/install/tactile_raw_point_publisher/lib/python3.10/site-packages:${PYTHONPATH} /home/juu/miniconda3/envs/paxinitac/bin/python -W ignore:setup.py install is deprecated -W ignore:easy_install command is deprecated setup.py egg_info --egg-base ../../build/tactile_raw_point_publisher build --build-base /home/juu/Documents/paxinitac/build/tactile_raw_point_publisher/build install --record /home/juu/Documents/paxinitac/build/tactile_raw_point_publisher/install.log --single-version-externally-managed install_data
[0.613s] DEBUG:colcon.colcon_core.event_handler.log_command:Invoked command in '/home/juu/Documents/paxinitac/PaxiniTac' returned '0': CONDA_PROMPT_MODIFIER=(paxinitac) PYTHONPATH=/home/juu/Documents/paxinitac/build/Paxini_Tac/prefix_override:/home/juu/miniconda3/envs/paxinitac/lib/python3.10/site-packages/colcon_core/task/python/colcon_distutils_commands:/home/juu/Documents/paxinitac/install/Paxini_Tac/lib/python3.10/site-packages:${PYTHONPATH} /home/juu/miniconda3/envs/paxinitac/bin/python -W ignore:setup.py install is deprecated -W ignore:easy_install command is deprecated setup.py egg_info --egg-base ../build/Paxini_Tac build --build-base /home/juu/Documents/paxinitac/build/Paxini_Tac/build install --record /home/juu/Documents/paxinitac/build/Paxini_Tac/install.log --single-version-externally-managed
[0.613s] Level 1:colcon.colcon_core.environment:checking '/home/juu/Documents/paxinitac/install/Paxini_Tac' for CMake module files
[0.614s] Level 1:colcon.colcon_core.environment:checking '/home/juu/Documents/paxinitac/install/Paxini_Tac' for CMake config files
[0.614s] Level 1:colcon.colcon_core.environment:checking '/home/juu/Documents/paxinitac/install/Paxini_Tac/lib'
[0.614s] Level 1:colcon.colcon_core.environment:checking '/home/juu/Documents/paxinitac/install/Paxini_Tac/bin'
[0.614s] Level 1:colcon.colcon_core.environment:checking '/home/juu/Documents/paxinitac/install/Paxini_Tac/lib/pkgconfig/Paxini_Tac.pc'
[0.614s] Level 1:colcon.colcon_core.environment:checking '/home/juu/Documents/paxinitac/install/Paxini_Tac/lib/python3.10/site-packages'
[0.614s] Level 1:colcon.colcon_core.shell:create_environment_hook('Paxini_Tac', 'pythonpath')
[0.614s] INFO:colcon.colcon_core.shell:Creating environment hook '/home/juu/Documents/paxinitac/install/Paxini_Tac/share/Paxini_Tac/hook/pythonpath.ps1'
[0.614s] INFO:colcon.colcon_core.shell:Creating environment descriptor '/home/juu/Documents/paxinitac/install/Paxini_Tac/share/Paxini_Tac/hook/pythonpath.dsv'
[0.615s] INFO:colcon.colcon_core.shell:Creating environment hook '/home/juu/Documents/paxinitac/install/Paxini_Tac/share/Paxini_Tac/hook/pythonpath.sh'
[0.615s] Level 1:colcon.colcon_core.environment:checking '/home/juu/Documents/paxinitac/install/Paxini_Tac/bin'
[0.615s] Level 1:colcon.colcon_core.environment:create_environment_scripts_only(Paxini_Tac)
[0.615s] INFO:colcon.colcon_core.shell:Creating package script '/home/juu/Documents/paxinitac/install/Paxini_Tac/share/Paxini_Tac/package.ps1'
[0.616s] INFO:colcon.colcon_core.shell:Creating package descriptor '/home/juu/Documents/paxinitac/install/Paxini_Tac/share/Paxini_Tac/package.dsv'
[0.616s] INFO:colcon.colcon_core.shell:Creating package script '/home/juu/Documents/paxinitac/install/Paxini_Tac/share/Paxini_Tac/package.sh'
[0.616s] INFO:colcon.colcon_core.shell:Creating package script '/home/juu/Documents/paxinitac/install/Paxini_Tac/share/Paxini_Tac/package.bash'
[0.617s] INFO:colcon.colcon_core.shell:Creating package script '/home/juu/Documents/paxinitac/install/Paxini_Tac/share/Paxini_Tac/package.zsh'
[0.617s] Level 1:colcon.colcon_core.environment:create_file_with_runtime_dependencies(/home/juu/Documents/paxinitac/install/Paxini_Tac/share/colcon-core/packages/Paxini_Tac)
[0.730s] Level 1:colcon.colcon_core.environment:checking '/home/juu/Documents/paxinitac/install/tactile_raw_point_publisher' for CMake module files
[0.730s] DEBUG:colcon.colcon_core.event_handler.log_command:Invoked command in '/home/juu/Documents/paxinitac/src/tactile_raw_point_publisher' returned '0': CONDA_PROMPT_MODIFIER=(paxinitac) PYTHONPATH=/home/juu/Documents/paxinitac/build/tactile_raw_point_publisher/prefix_override:/home/juu/miniconda3/envs/paxinitac/lib/python3.10/site-packages/colcon_core/task/python/colcon_distutils_commands:/home/juu/Documents/paxinitac/install/tactile_raw_point_publisher/lib/python3.10/site-packages:${PYTHONPATH} /home/juu/miniconda3/envs/paxinitac/bin/python -W ignore:setup.py install is deprecated -W ignore:easy_install command is deprecated setup.py egg_info --egg-base ../../build/tactile_raw_point_publisher build --build-base /home/juu/Documents/paxinitac/build/tactile_raw_point_publisher/build install --record /home/juu/Documents/paxinitac/build/tactile_raw_point_publisher/install.log --single-version-externally-managed install_data
[0.730s] Level 1:colcon.colcon_core.environment:checking '/home/juu/Documents/paxinitac/install/tactile_raw_point_publisher' for CMake config files
[0.731s] Level 1:colcon.colcon_core.environment:checking '/home/juu/Documents/paxinitac/install/tactile_raw_point_publisher/lib'
[0.731s] Level 1:colcon.colcon_core.environment:checking '/home/juu/Documents/paxinitac/install/tactile_raw_point_publisher/bin'
[0.731s] Level 1:colcon.colcon_core.environment:checking '/home/juu/Documents/paxinitac/install/tactile_raw_point_publisher/lib/pkgconfig/tactile_raw_point_publisher.pc'
[0.731s] Level 1:colcon.colcon_core.environment:checking '/home/juu/Documents/paxinitac/install/tactile_raw_point_publisher/lib/python3.10/site-packages'
[0.731s] Level 1:colcon.colcon_core.shell:create_environment_hook('tactile_raw_point_publisher', 'pythonpath')
[0.731s] INFO:colcon.colcon_core.shell:Creating environment hook '/home/juu/Documents/paxinitac/install/tactile_raw_point_publisher/share/tactile_raw_point_publisher/hook/pythonpath.ps1'
[0.732s] INFO:colcon.colcon_core.shell:Creating environment descriptor '/home/juu/Documents/paxinitac/install/tactile_raw_point_publisher/share/tactile_raw_point_publisher/hook/pythonpath.dsv'
[0.732s] INFO:colcon.colcon_core.shell:Creating environment hook '/home/juu/Documents/paxinitac/install/tactile_raw_point_publisher/share/tactile_raw_point_publisher/hook/pythonpath.sh'
[0.733s] Level 1:colcon.colcon_core.environment:checking '/home/juu/Documents/paxinitac/install/tactile_raw_point_publisher/bin'
[0.733s] Level 1:colcon.colcon_core.environment:create_environment_scripts_only(tactile_raw_point_publisher)
[0.733s] INFO:colcon.colcon_core.shell:Creating package script '/home/juu/Documents/paxinitac/install/tactile_raw_point_publisher/share/tactile_raw_point_publisher/package.ps1'
[0.733s] INFO:colcon.colcon_core.shell:Creating package descriptor '/home/juu/Documents/paxinitac/install/tactile_raw_point_publisher/share/tactile_raw_point_publisher/package.dsv'
[0.748s] INFO:colcon.colcon_core.shell:Creating package script '/home/juu/Documents/paxinitac/install/tactile_raw_point_publisher/share/tactile_raw_point_publisher/package.sh'
[0.748s] INFO:colcon.colcon_core.shell:Creating package script '/home/juu/Documents/paxinitac/install/tactile_raw_point_publisher/share/tactile_raw_point_publisher/package.bash'
[0.749s] INFO:colcon.colcon_core.shell:Creating package script '/home/juu/Documents/paxinitac/install/tactile_raw_point_publisher/share/tactile_raw_point_publisher/package.zsh'
[0.749s] Level 1:colcon.colcon_core.environment:create_file_with_runtime_dependencies(/home/juu/Documents/paxinitac/install/tactile_raw_point_publisher/share/colcon-core/packages/tactile_raw_point_publisher)
[0.749s] DEBUG:colcon.colcon_parallel_executor.executor.parallel:closing loop
[0.749s] DEBUG:colcon.colcon_parallel_executor.executor.parallel:loop closed
[0.749s] DEBUG:colcon.colcon_parallel_executor.executor.parallel:run_until_complete finished with '0'
[0.749s] DEBUG:colcon.colcon_core.event_reactor:joining thread
[0.750s] INFO:colcon.colcon_core.plugin_system:Skipping extension 'colcon_notification.desktop_notification.notify2': 'notify2' not found
[0.751s] INFO:colcon.colcon_core.plugin_system:Skipping extension 'colcon_notification.desktop_notification.terminal_notifier': Not used on non-Darwin systems
[0.751s] INFO:colcon.colcon_core.plugin_system:Skipping extension 'colcon_notification.desktop_notification.win32': Not used on non-Windows systems
[0.751s] INFO:colcon.colcon_notification.desktop_notification:Sending desktop notification using 'notify_send'
[0.760s] DEBUG:colcon.colcon_core.event_reactor:joined thread
[0.760s] INFO:colcon.colcon_core.shell:Creating prefix script '/home/juu/Documents/paxinitac/install/local_setup.ps1'
[0.761s] INFO:colcon.colcon_core.shell:Creating prefix util module '/home/juu/Documents/paxinitac/install/_local_setup_util_ps1.py'
[0.762s] INFO:colcon.colcon_core.shell:Creating prefix chain script '/home/juu/Documents/paxinitac/install/setup.ps1'
[0.763s] INFO:colcon.colcon_core.shell:Creating prefix script '/home/juu/Documents/paxinitac/install/local_setup.sh'
[0.763s] INFO:colcon.colcon_core.shell:Creating prefix util module '/home/juu/Documents/paxinitac/install/_local_setup_util_sh.py'
[0.764s] INFO:colcon.colcon_core.shell:Creating prefix chain script '/home/juu/Documents/paxinitac/install/setup.sh'
[0.765s] INFO:colcon.colcon_core.shell:Creating prefix script '/home/juu/Documents/paxinitac/install/local_setup.bash'
[0.765s] INFO:colcon.colcon_core.shell:Creating prefix chain script '/home/juu/Documents/paxinitac/install/setup.bash'
[0.766s] INFO:colcon.colcon_core.shell:Creating prefix script '/home/juu/Documents/paxinitac/install/local_setup.zsh'
[0.767s] INFO:colcon.colcon_core.shell:Creating prefix chain script '/home/juu/Documents/paxinitac/install/setup.zsh'
