running egg_info
creating ../build/Paxini_Tac/Paxini_Tac.egg-info
writing ../build/Paxini_Tac/Paxini_Tac.egg-info/PKG-INFO
writing dependency_links to ../build/Paxini_Tac/Paxini_Tac.egg-info/dependency_links.txt
writing top-level names to ../build/Paxini_Tac/Paxini_Tac.egg-info/top_level.txt
writing manifest file '../build/Paxini_Tac/Paxini_Tac.egg-info/SOURCES.txt'
reading manifest file '../build/Paxini_Tac/Paxini_Tac.egg-info/SOURCES.txt'
writing manifest file '../build/Paxini_Tac/Paxini_Tac.egg-info/SOURCES.txt'
running build
running build_py
creating /home/juu/Documents/paxinitac/build/Paxini_Tac/build/lib
copying Paxini_Tac.py -> /home/juu/Documents/paxinitac/build/Paxini_Tac/build/lib
running install
running install_lib
copying /home/juu/Documents/paxinitac/build/Paxini_Tac/build/lib/Paxini_Tac.py -> /home/juu/Documents/paxinitac/install/Paxini_Tac/lib/python3.10/site-packages
byte-compiling /home/juu/Documents/paxinitac/install/Paxini_Tac/lib/python3.10/site-packages/Paxini_Tac.py to Paxini_Tac.cpython-310.pyc
running install_egg_info
Copying ../build/Paxini_Tac/Paxini_Tac.egg-info to /home/juu/Documents/paxinitac/install/Paxini_Tac/lib/python3.10/site-packages/Paxini_Tac-0.1.0-py3.10.egg-info
running install_scripts
writing list of installed files to '/home/juu/Documents/paxinitac/build/Paxini_Tac/install.log'
