[0.259s] Invoking command in '/home/juu/Documents/paxinitac/PaxiniTac': CONDA_PROMPT_MODIFIER=(paxinitac) PYTHONPATH=/home/juu/Documents/paxinitac/build/Paxini_Tac/prefix_override:/home/juu/miniconda3/envs/paxinitac/lib/python3.10/site-packages/colcon_core/task/python/colcon_distutils_commands:/home/juu/Documents/paxinitac/install/Paxini_Tac/lib/python3.10/site-packages:${PYTHONPATH} /home/juu/miniconda3/envs/paxinitac/bin/python -W ignore:setup.py install is deprecated -W ignore:easy_install command is deprecated setup.py egg_info --egg-base ../build/Paxini_Tac build --build-base /home/juu/Documents/paxinitac/build/Paxini_Tac/build install --record /home/juu/Documents/paxinitac/build/Paxini_Tac/install.log --single-version-externally-managed
[0.351s] running egg_info
[0.356s] creating ../build/Paxini_Tac/Paxini_Tac.egg-info
[0.356s] writing ../build/Paxini_Tac/Paxini_Tac.egg-info/PKG-INFO
[0.356s] writing dependency_links to ../build/Paxini_Tac/Paxini_Tac.egg-info/dependency_links.txt
[0.356s] writing top-level names to ../build/Paxini_Tac/Paxini_Tac.egg-info/top_level.txt
[0.356s] writing manifest file '../build/Paxini_Tac/Paxini_Tac.egg-info/SOURCES.txt'
[0.366s] reading manifest file '../build/Paxini_Tac/Paxini_Tac.egg-info/SOURCES.txt'
[0.366s] writing manifest file '../build/Paxini_Tac/Paxini_Tac.egg-info/SOURCES.txt'
[0.367s] running build
[0.367s] running build_py
[0.367s] creating /home/juu/Documents/paxinitac/build/Paxini_Tac/build/lib
[0.367s] copying Paxini_Tac.py -> /home/juu/Documents/paxinitac/build/Paxini_Tac/build/lib
[0.367s] running install
[0.369s] running install_lib
[0.373s] copying /home/juu/Documents/paxinitac/build/Paxini_Tac/build/lib/Paxini_Tac.py -> /home/juu/Documents/paxinitac/install/Paxini_Tac/lib/python3.10/site-packages
[0.373s] byte-compiling /home/juu/Documents/paxinitac/install/Paxini_Tac/lib/python3.10/site-packages/Paxini_Tac.py to Paxini_Tac.cpython-310.pyc
[0.374s] running install_egg_info
[0.379s] Copying ../build/Paxini_Tac/Paxini_Tac.egg-info to /home/juu/Documents/paxinitac/install/Paxini_Tac/lib/python3.10/site-packages/Paxini_Tac-0.1.0-py3.10.egg-info
[0.379s] running install_scripts
[0.415s] writing list of installed files to '/home/juu/Documents/paxinitac/build/Paxini_Tac/install.log'
[0.427s] Invoked command in '/home/juu/Documents/paxinitac/PaxiniTac' returned '0': CONDA_PROMPT_MODIFIER=(paxinitac) PYTHONPATH=/home/juu/Documents/paxinitac/build/Paxini_Tac/prefix_override:/home/juu/miniconda3/envs/paxinitac/lib/python3.10/site-packages/colcon_core/task/python/colcon_distutils_commands:/home/juu/Documents/paxinitac/install/Paxini_Tac/lib/python3.10/site-packages:${PYTHONPATH} /home/juu/miniconda3/envs/paxinitac/bin/python -W ignore:setup.py install is deprecated -W ignore:easy_install command is deprecated setup.py egg_info --egg-base ../build/Paxini_Tac build --build-base /home/juu/Documents/paxinitac/build/Paxini_Tac/build install --record /home/juu/Documents/paxinitac/build/Paxini_Tac/install.log --single-version-externally-managed
